<area shape="rect" href="$classEmbeddedTextTestRunner.html" title="Class for an embeddable text&#45;oriented TestRunner used in other applications with..." alt="" coords="5,464,221,547">
<area shape="rect" href="$classTestRunner.html" title="TestRunner of JsUnit 1.1." alt="" coords="245,464,363,547">
<area shape="rect" href="$classTextTestRunner.html" title="Class for an application running test suites with a test based status report." alt="" coords="387,447,536,564">
<area shape="rect" href="$classTestListener.html" title="A listener for test progress." alt="" coords="243,7,365,159">
<area shape="rect" href="$classCtxTestRunner.html" title="Class for an application running test suites with the BroadVision ctxdriver and console..." alt="" coords="219,631,360,732">
<area shape="rect" href="$classHTMLTestRunner.html" title="Class for an application running test suites reporting in HTML." alt="" coords="384,640,539,723">
<area shape="rect" href="$classNSServerTestRunner.html" title="Class for an application running test suites with a Netscape Server." alt="" coords="563,613,744,749">
