<area shape="rect" href="$classAssertionFailedError.html" title="Thrown when a test assertion fails." alt="" coords="88,563,264,664">
<area shape="rect" href="$classJsUnitError.html" title="JsUnitError class." alt="" coords="163,393,280,511">
<area shape="rect" href="$classError.html" title="Error class according ECMA specification." alt="" coords="248,189,347,325">
<area shape="rect" href="$classString.html" title="Standard ECMA class." alt="" coords="113,5,199,107">
<area shape="rect" title="name" alt="" coords="109,101,117,109">
<area shape="rect" title="name" alt="" coords="64,712,72,720">
<area shape="rect" title="name" alt="" coords="147,103,155,111">
<area shape="rect" title="name" alt="" coords="156,559,164,567">
<area shape="rect" title="name" alt="" coords="160,103,168,111">
<area shape="rect" title="name" alt="" coords="207,389,215,397">
<area shape="rect" title="message\nname" alt="" coords="188,103,196,111">
<area shape="rect" title="message\nname" alt="" coords="245,185,253,193">
