<area shape="rect" href="$classBaseTestRunner.html" title="General base class for an application running test suites." alt="" coords="308,209,457,396">
<area shape="rect" href="$classResultPrinter.html" title="Class to print the result of a TextTestRunner." alt="" coords="581,261,712,344">
<area shape="rect" href="$classEmbeddedTextTestRunner.html" title="Class for an embeddable text&#45;oriented TestRunner used in other applications with..." alt="" coords="5,533,221,616">
<area shape="rect" href="$classTestRunner.html" title="TestRunner of JsUnit 1.1." alt="" coords="245,533,363,616">
<area shape="rect" href="$classTextTestRunner.html" title="Class for an application running test suites with a test based status report." alt="" coords="387,516,536,633">
<area shape="rect" href="$classCtxTestRunner.html" title="Class for an application running test suites with the BroadVision ctxdriver and console..." alt="" coords="219,769,360,871">
<area shape="rect" href="$classHTMLTestRunner.html" title="Class for an application running test suites reporting in HTML." alt="" coords="384,779,539,861">
<area shape="rect" href="$classNSServerTestRunner.html" title="Class for an application running test suites with a Netscape Server." alt="" coords="563,752,744,888">
<area shape="rect" href="$classClassicResultPrinter.html" title="The ResultPrinter of JsUnit 1.1." alt="" coords="560,533,733,616">
<area shape="rect" href="$classXMLResultPrinter.html" title="Convert the result of a TextTestPrinter into XML to be used by JUnitReport." alt="" coords="757,447,925,703">
