<area shape="rect" href="$classTestListener.html" title="A listener for test progress." alt="" coords="5,120,104,147">
<area shape="rect" href="$classBaseTestRunner.html" title="General base class for an application running test suites." alt="" coords="152,81,277,108">
<area shape="rect" href="$classResultPrinter.html" title="Class to print the result of a TextTestRunner." alt="" coords="163,157,267,184">
<area shape="rect" href="$classEmbeddedTextTestRunner.html" title="Class for an embeddable text&#45;oriented TestRunner used in other applications with..." alt="" coords="327,5,516,32">
<area shape="rect" href="$classTestRunner.html" title="TestRunner of JsUnit 1.1." alt="" coords="375,56,468,83">
<area shape="rect" href="$classTextTestRunner.html" title="Class for an application running test suites with a test based status report." alt="" coords="361,107,481,133">
<area shape="rect" href="$classCtxTestRunner.html" title="Class for an application running test suites with the BroadVision ctxdriver and console..." alt="" coords="585,56,703,83">
<area shape="rect" href="$classHTMLTestRunner.html" title="Class for an application running test suites reporting in HTML." alt="" coords="580,107,708,133">
<area shape="rect" href="$classNSServerTestRunner.html" title="Class for an application running test suites with a Netscape Server." alt="" coords="565,157,723,184">
<area shape="rect" href="$classClassicResultPrinter.html" title="The ResultPrinter of JsUnit 1.1." alt="" coords="347,157,496,184">
<area shape="rect" href="$classXMLResultPrinter.html" title="Convert the result of a TextTestPrinter into XML to be used by JUnitReport." alt="" coords="355,208,488,235">
